<script>
        window.responsiveResizeObserver = new ResizeObserver((entries) => {
            entries.forEach(entry => {
                const imgWidth = entry.target.getBoundingClientRect().width;
                entry.target.parentNode.querySelectorAll('source').forEach((source) => {
                    source.sizes = Math.ceil(imgWidth / window.innerWidth * 100) + 'vw';
                });
            });
        });
    </script>

<picture>
                        <source
                type="image/webp"
                 media=""                 srcset=", /img/asset/dGVzdF9jb250YWluZXIvdGVzdC5qcGc=?fm=webp&amp;w=237&amp;h=237&amp;s=3bb8f56ec97a14301c633df1b99f1aff 237w, /img/asset/dGVzdF9jb250YWluZXIvdGVzdC5qcGc=?fm=webp&amp;w=284&amp;h=284&amp;s=00efb1adaa53b6fa43b76209e299a418 284w, /img/asset/dGVzdF9jb250YWluZXIvdGVzdC5qcGc=?fm=webp&amp;w=340&amp;h=340&amp;s=0ab01b0d8c5ffbbc508400a067a1ead3 340w"
                 sizes="1px"             >
        
        <source
             media=""             srcset=", /img/asset/dGVzdF9jb250YWluZXIvdGVzdC5qcGc=?w=237&amp;h=237&amp;s=44393a023c319a0682bdd54514e0f023 237w, /img/asset/dGVzdF9jb250YWluZXIvdGVzdC5qcGc=?w=284&amp;h=284&amp;s=b99d408d6e5b9310db88c812500237c6 284w, /img/asset/dGVzdF9jb250YWluZXIvdGVzdC5qcGc=?w=340&amp;h=340&amp;s=17f7533fe7c2d620c61e3f2ae758f422 340w"
             sizes="1px"         >
    
    <img
        
        src="/test/test.jpg"
        alt="test.jpg"
         width="340"          height="340"                 onload="
            this.onload=null;
            window.responsiveResizeObserver.observe(this);
        "
            >
</picture>
