<script>
        window.responsiveResizeObserver = new ResizeObserver((entries) => {
            entries.forEach(entry => {
                const imgWidth = entry.target.getBoundingClientRect().width;
                entry.target.parentNode.querySelectorAll('source').forEach((source) => {
                    source.sizes = Math.ceil(imgWidth / window.innerWidth * 100) + 'vw';
                });
            });
        });
    </script>

<picture>
    
    <img
        
        src="/test/hackerman.gif"
        alt="hackerman.gif"
         width="480"          height="270"             >
</picture>
