<script>
        window.responsiveResizeObserver = new ResizeObserver((entries) => {
            entries.forEach(entry => {
                const imgWidth = entry.target.getBoundingClientRect().width;
                entry.target.parentNode.querySelectorAll('source').forEach((source) => {
                    source.sizes = Math.ceil(imgWidth / window.innerWidth * 100) + 'vw';
                });
            });
        });
    </script>

<picture>
                        <source
                type="image/webp"
                 media=""                 srcset=", /img/asset/dGVzdF9jb250YWluZXIvdGVzdC5qcGc=?fm=webp&amp;w=237&amp;h=195.17647058824&amp;s=072acb6b01cf458d3d9b6b55474eb68d 237w, /img/asset/dGVzdF9jb250YWluZXIvdGVzdC5qcGc=?fm=webp&amp;w=284&amp;h=233.88235294118&amp;s=d8ac298c9c216b4ca6a3b043188c31cd 284w, /img/asset/dGVzdF9jb250YWluZXIvdGVzdC5qcGc=?fm=webp&amp;w=340&amp;h=280&amp;s=813a4361b8b39f0f7824b9fae427b552 340w"
                 sizes="1px"             >
        
        <source
             media=""             srcset=", /img/asset/dGVzdF9jb250YWluZXIvdGVzdC5qcGc=?w=237&amp;h=195.17647058824&amp;s=5f279c6423bff49fb0d948fafed2a008 237w, /img/asset/dGVzdF9jb250YWluZXIvdGVzdC5qcGc=?w=284&amp;h=233.88235294118&amp;s=5a8688aa9c2d3e962a0660d7a794f606 284w, /img/asset/dGVzdF9jb250YWluZXIvdGVzdC5qcGc=?w=340&amp;h=280&amp;s=6ccad3dd4358725c8a63ee40bf6bd89b 340w"
             sizes="1px"         >
    
    <img
        alt="Some alt tag"
        src="/test/test.jpg"
        alt="test.jpg"
         width="340"          height="280"                 onload="
            this.onload=null;
            window.responsiveResizeObserver.observe(this);
        "
            >
</picture>
