<script>
        window.responsiveResizeObserver = new ResizeObserver((entries) => {
            entries.forEach(entry => {
                const imgWidth = entry.target.getBoundingClientRect().width;
                entry.target.parentNode.querySelectorAll('source').forEach((source) => {
                    source.sizes = Math.ceil(imgWidth / window.innerWidth * 100) + 'vw';
                });
            });
        });
    </script>

<picture>
                        <source
                type="image/webp"
                 media=""                 srcset=", /img/asset/dGVzdF9jb250YWluZXIvdGVzdC5qcGc=?blur=10&amp;fm=webp&amp;w=237&amp;h=195.17647058824&amp;s=e6a90be354a798178dcb1fc572f4edbc 237w, /img/asset/dGVzdF9jb250YWluZXIvdGVzdC5qcGc=?blur=10&amp;fm=webp&amp;w=284&amp;h=233.88235294118&amp;s=585f172267ede3ab4774516104dd7102 284w, /img/asset/dGVzdF9jb250YWluZXIvdGVzdC5qcGc=?blur=10&amp;fm=webp&amp;w=340&amp;h=280&amp;s=cadc853e73125b3e89dcca84cae1043f 340w"
                 sizes="1px"             >
        
        <source
             media=""             srcset=", /img/asset/dGVzdF9jb250YWluZXIvdGVzdC5qcGc=?blur=10&amp;w=237&amp;h=195.17647058824&amp;s=1c4dc2e854813190afb6c3008183d739 237w, /img/asset/dGVzdF9jb250YWluZXIvdGVzdC5qcGc=?blur=10&amp;w=284&amp;h=233.88235294118&amp;s=1c94aa64597017eb5c51ec44dac242b4 284w, /img/asset/dGVzdF9jb250YWluZXIvdGVzdC5qcGc=?blur=10&amp;w=340&amp;h=280&amp;s=358f76e3c9af9ece93ec392dab0260d8 340w"
             sizes="1px"         >
    
    <img
        
        src="/test/test.jpg"
        alt="test.jpg"
         width="340"          height="280"                 onload="
            this.onload=null;
            window.responsiveResizeObserver.observe(this);
        "
            >
</picture>
